============================= test session starts =============================
platform win32 -- Python 3.11.0, pytest-8.4.2, pluggy-1.6.0
rootdir: E:\Gobi\Pro\HRMS\hrm
configfile: pytest.ini
plugins: Flask-Dance-7.1.0
collected 9 items

tests\test_base.py ......s..                                             [100%]

======================== 8 passed, 1 skipped in 7.32s =========================
